[  0%] Building CXX object test/CMakeFiles/taco-gtest.dir/gtest/gtest-all.cc.o
[  0%] Building CXX object src/CMakeFiles/taco.dir/cuda.cpp.o
[  0%] Building CXX object bench/benchmark/src/CMakeFiles/benchmark.dir/benchmark.cc.o
[  0%] Building CXX object src/CMakeFiles/taco.dir/error.cpp.o
[  0%] Building CXX object bench/benchmark/src/CMakeFiles/benchmark.dir/benchmark_register.cc.o
[  1%] Building CXX object src/CMakeFiles/taco.dir/ir_tags.cpp.o
[  2%] Building CXX object bench/benchmark/src/CMakeFiles/benchmark.dir/benchmark_name.cc.o
[  3%] Building CXX object bench/benchmark/src/CMakeFiles/benchmark.dir/check.cc.o
[  3%] Building CXX object src/CMakeFiles/taco.dir/target.cpp.o
[  3%] Building CXX object bench/benchmark/src/CMakeFiles/benchmark.dir/benchmark_api_internal.cc.o
[  3%] Building CXX object bench/benchmark/third_party/googletest/build/googletest/CMakeFiles/gtest.dir/src/gtest-all.cc.o
[  3%] Building CXX object bench/benchmark/src/CMakeFiles/benchmark.dir/benchmark_runner.cc.o
[  3%] Building CXX object src/CMakeFiles/taco.dir/format.cpp.o
[  3%] Building CXX object src/CMakeFiles/taco.dir/taco_tensor_t.cpp.o
[  3%] Building CXX object bench/benchmark/src/CMakeFiles/benchmark.dir/colorprint.cc.o
[  3%] Building CXX object bench/benchmark/src/CMakeFiles/benchmark.dir/commandlineflags.cc.o
[  4%] Building CXX object src/CMakeFiles/taco.dir/tensor.cpp.o
[  4%] Building CXX object src/CMakeFiles/taco.dir/type.cpp.o
[  4%] Building CXX object src/CMakeFiles/taco.dir/accelerator_notation/accel_interface.cpp.o
[  5%] Building CXX object bench/benchmark/src/CMakeFiles/benchmark.dir/complexity.cc.o
[  5%] Building CXX object bench/benchmark/src/CMakeFiles/benchmark.dir/console_reporter.cc.o
[  5%] Building CXX object bench/benchmark/src/CMakeFiles/benchmark.dir/counter.cc.o
[  6%] Building CXX object src/CMakeFiles/taco.dir/accelerator_notation/accelerate_search.cpp.o
[  6%] Building CXX object bench/benchmark/src/CMakeFiles/benchmark.dir/csv_reporter.cc.o
[  7%] Building CXX object bench/benchmark/src/CMakeFiles/benchmark.dir/json_reporter.cc.o
[  7%] Building CXX object bench/benchmark/src/CMakeFiles/benchmark.dir/perf_counters.cc.o
[  7%] Building CXX object bench/benchmark/src/CMakeFiles/benchmark.dir/reporter.cc.o
[  7%] Building CXX object src/CMakeFiles/taco.dir/accelerator_notation/accelerator_notation.cpp.o
[  7%] Building CXX object src/CMakeFiles/taco.dir/accelerator_notation/accelerator_notation_abstract.cpp.o
[  8%] Building CXX object bench/benchmark/src/CMakeFiles/benchmark.dir/sleep.cc.o
In file included from /Users/malenacochrane/Desktop/clean-build-mosaic/mosaic/src/accelerator_notation/accelerate_search.cpp:9:
/Users/malenacochrane/Desktop/clean-build-mosaic/mosaic/include/taco/accelerator_notation/accelerate_search.h:18:1: warning: 'ArgumentMap' defined as a struct here but previously declared as a class; this is valid, but may result in linker errors under the Microsoft C++ ABI [-Wmismatched-tags]
struct ArgumentMap{
^
/Users/malenacochrane/Desktop/clean-build-mosaic/mosaic/include/taco/index_notation/index_notation.h:43:1: note: did you mean struct here?
class ArgumentMap;
^~~~~
struct
[  8%] Building CXX object bench/benchmark/src/CMakeFiles/benchmark.dir/statistics.cc.o
[  8%] Building CXX object bench/benchmark/src/CMakeFiles/benchmark.dir/string_util.cc.o
[  9%] Building CXX object src/CMakeFiles/taco.dir/accelerator_notation/accelerator_notation_printer.cpp.o
[  9%] Building CXX object src/CMakeFiles/taco.dir/accelerator_notation/accelerator_notation_rewriter.cpp.o
[ 10%] Building CXX object bench/benchmark/src/CMakeFiles/benchmark.dir/sysinfo.cc.o
[ 10%] Building CXX object bench/benchmark/src/CMakeFiles/benchmark.dir/timers.cc.o
[ 10%] Building CXX object src/CMakeFiles/taco.dir/accelerator_notation/accelerator_notation_visitor.cpp.o
[ 10%] Building CXX object src/CMakeFiles/taco.dir/accelerator_notation/code_gen_dynamic_order.cpp.o
In file included from /Users/malenacochrane/Desktop/clean-build-mosaic/mosaic/src/accelerator_notation/accelerator_notation.cpp:29:
/Users/malenacochrane/Desktop/clean-build-mosaic/mosaic/include/taco/accelerator_notation/accelerate_search.h:18:1: warning: 'ArgumentMap' defined as a struct here but previously declared as a class; this is valid, but may result in linker errors under the Microsoft C++ ABI [-Wmismatched-tags]
struct ArgumentMap{
^
/Users/malenacochrane/Desktop/clean-build-mosaic/mosaic/include/taco/index_notation/index_notation.h:43:1: note: did you mean struct here?
class ArgumentMap;
^~~~~
struct
[ 11%] Building CXX object src/CMakeFiles/taco.dir/codegen/codegen.cpp.o
[ 11%] Building CXX object src/CMakeFiles/taco.dir/codegen/codegen_c.cpp.o
[ 11%] Building CXX object src/CMakeFiles/taco.dir/codegen/codegen_cuda.cpp.o
[ 12%] Building CXX object src/CMakeFiles/taco.dir/codegen/module.cpp.o
[ 12%] Linking CXX static library ../../../lib/libbenchmark.a
[ 12%] Linking CXX static library ../lib/libtaco-gtest.a
[ 12%] Building CXX object src/CMakeFiles/taco.dir/error/error_checks.cpp.o
[ 12%] Building CXX object src/CMakeFiles/taco.dir/error/error_messages.cpp.o
[ 13%] Building CXX object src/CMakeFiles/taco.dir/index_notation/index_notation.cpp.o
[ 13%] Built target benchmark
[ 13%] Building CXX object src/CMakeFiles/taco.dir/index_notation/index_notation_nodes.cpp.o
[ 13%] Built target taco-gtest
[ 13%] Building CXX object bench/benchmark/src/CMakeFiles/benchmark_main.dir/benchmark_main.cc.o
[ 13%] Building CXX object src/CMakeFiles/taco.dir/index_notation/index_notation_nodes_abstract.cpp.o
In file included from /Users/malenacochrane/Desktop/clean-build-mosaic/mosaic/src/index_notation/index_notation.cpp:27:
/Users/malenacochrane/Desktop/clean-build-mosaic/mosaic/include/taco/accelerator_notation/accelerate_search.h:18:1: warning: 'ArgumentMap' defined as a struct here but previously declared as a class; this is valid, but may result in linker errors under the Microsoft C++ ABI [-Wmismatched-tags]
struct ArgumentMap{
^
/Users/malenacochrane/Desktop/clean-build-mosaic/mosaic/include/taco/index_notation/index_notation.h:43:1: note: did you mean struct here?
class ArgumentMap;
^~~~~
struct
[ 13%] Linking CXX static library ../../../lib/libbenchmark_main.a
/Users/malenacochrane/Desktop/clean-build-mosaic/mosaic/src/index_notation/index_notation_nodes.cpp:49:22: warning: unused variable 'pair' [-Wunused-variable]
    for (const auto& pair: regionDefinitions) {
                     ^
[ 14%] Building CXX object src/CMakeFiles/taco.dir/index_notation/index_notation_printer.cpp.o
[ 14%] Built target benchmark_main
[ 14%] Building CXX object bench/benchmark/test/CMakeFiles/output_test_helper.dir/output_test_helper.cc.o
/Users/malenacochrane/Desktop/clean-build-mosaic/mosaic/src/index_notation/index_notation.cpp:4861:29: warning: comparison of integers of different signs: 'int' and 'size_type' (aka 'unsigned long') [-Wsign-compare]
          for (int i = 0; i < allVars.size(); i++){
                          ~ ^ ~~~~~~~~~~~~~~
/Users/malenacochrane/Desktop/clean-build-mosaic/mosaic/src/index_notation/index_notation.cpp:4928:21: warning: comparison of integers of different signs: 'int' and 'size_type' (aka 'unsigned long') [-Wsign-compare]
  for (int i = 0; i < possibleRewrites.size(); i++){
                  ~ ^ ~~~~~~~~~~~~~~~~~~~~~~~
[ 15%] Building CXX object bench/benchmark/test/CMakeFiles/benchmark_test.dir/benchmark_test.cc.o
[ 15%] Building CXX object src/CMakeFiles/taco.dir/index_notation/index_notation_rewriter.cpp.o
[ 15%] Building CXX object src/CMakeFiles/taco.dir/index_notation/index_notation_visitor.cpp.o
[ 16%] Linking CXX static library ../../../../../../lib/libgtest.a
[ 17%] Building CXX object src/CMakeFiles/taco.dir/index_notation/intrinsic.cpp.o
1 warning generated.
[ 17%] Building CXX object src/CMakeFiles/taco.dir/index_notation/iteration_algebra.cpp.o
[ 17%] Built target gtest
1 warning generated.
[ 17%] Building CXX object bench/benchmark/test/CMakeFiles/spec_arg_test.dir/spec_arg_test.cc.o
[ 17%] Building CXX object bench/benchmark/test/CMakeFiles/spec_arg_verbosity_test.dir/spec_arg_verbosity_test.cc.o
[ 17%] Building CXX object src/CMakeFiles/taco.dir/index_notation/iteration_algebra_printer.cpp.o
[ 17%] Building CXX object bench/benchmark/test/CMakeFiles/benchmark_setup_teardown_test.dir/benchmark_setup_teardown_test.cc.o
[ 17%] Linking CXX executable ../../../bin/benchmark_test
1 warning generated.
[ 17%] Building CXX object src/CMakeFiles/taco.dir/index_notation/kernel.cpp.o
[ 17%] Linking CXX executable ../../../bin/spec_arg_verbosity_test
[ 18%] Building CXX object src/CMakeFiles/taco.dir/index_notation/properties.cpp.o
[ 18%] Built target benchmark_test
[ 18%] Building CXX object bench/benchmark/test/CMakeFiles/filter_test.dir/filter_test.cc.o
[ 19%] Linking CXX executable ../../../bin/spec_arg_test
[ 20%] Building CXX object bench/benchmark/test/CMakeFiles/options_test.dir/options_test.cc.o
[ 20%] Built target spec_arg_verbosity_test
[ 20%] Building CXX object src/CMakeFiles/taco.dir/index_notation/property_pointers.cpp.o
[ 20%] Linking CXX executable ../../../bin/benchmark_setup_teardown_test
[ 20%] Building CXX object bench/benchmark/test/CMakeFiles/basic_test.dir/basic_test.cc.o
[ 20%] Built target spec_arg_test
[ 20%] Building CXX object src/CMakeFiles/taco.dir/index_notation/provenance_graph.cpp.o
[ 20%] Building CXX object bench/benchmark/test/CMakeFiles/diagnostics_test.dir/diagnostics_test.cc.o
[ 20%] Built target benchmark_setup_teardown_test
[ 21%] Building CXX object bench/benchmark/test/CMakeFiles/skip_with_error_test.dir/skip_with_error_test.cc.o
[ 22%] Building CXX object src/CMakeFiles/taco.dir/index_notation/schedule.cpp.o
[ 22%] Linking CXX executable ../../../bin/filter_test
/Users/malenacochrane/Desktop/clean-build-mosaic/mosaic/src/index_notation/property_pointers.cpp:81:12: warning: expression result unused [-Wunused-value]
  content->identity;
  ~~~~~~~~~^~~~~~~~
[ 22%] Building CXX object src/CMakeFiles/taco.dir/index_notation/tensor_operator.cpp.o
[ 22%] Linking CXX executable ../../../bin/options_test
[ 23%] Linking CXX executable ../../../bin/basic_test
[ 23%] Building CXX object src/CMakeFiles/taco.dir/index_notation/transformations.cpp.o
[ 23%] Built target filter_test
[ 23%] Linking CXX executable ../../../bin/diagnostics_test
1 warning generated.
[ 23%] Building CXX object bench/benchmark/test/CMakeFiles/donotoptimize_test.dir/donotoptimize_test.cc.o
[ 24%] Building CXX object src/CMakeFiles/taco.dir/ir/ir.cpp.o
[ 24%] Built target options_test
[ 24%] Built target basic_test
[ 24%] Building CXX object bench/benchmark/test/CMakeFiles/register_benchmark_test.dir/register_benchmark_test.cc.o
[ 24%] Built target diagnostics_test
[ 25%] Building CXX object bench/benchmark/test/CMakeFiles/fixture_test.dir/fixture_test.cc.o
[ 25%] Building CXX object src/CMakeFiles/taco.dir/ir/ir_generators.cpp.o
[ 25%] Building CXX object bench/benchmark/test/CMakeFiles/map_test.dir/map_test.cc.o
[ 26%] Linking CXX static library ../../../lib/liboutput_test_helper.a
[ 26%] Building CXX object src/CMakeFiles/taco.dir/ir/ir_printer.cpp.o
[ 27%] Building CXX object src/CMakeFiles/taco.dir/ir/ir_rewriter.cpp.o
[ 27%] Linking CXX executable ../../../bin/skip_with_error_test
[ 28%] Linking CXX executable ../../../bin/donotoptimize_test
[ 28%] Built target output_test_helper
[ 28%] Building CXX object src/CMakeFiles/taco.dir/ir/ir_verifier.cpp.o
[ 28%] Built target skip_with_error_test
[ 28%] Linking CXX executable ../../../bin/fixture_test
[ 28%] Building CXX object bench/benchmark/test/CMakeFiles/multiple_ranges_test.dir/multiple_ranges_test.cc.o
[ 28%] Built target donotoptimize_test
[ 28%] Building CXX object src/CMakeFiles/taco.dir/ir/ir_visitor.cpp.o
[ 28%] Building CXX object bench/benchmark/test/CMakeFiles/args_product_test.dir/args_product_test.cc.o
[ 28%] Linking CXX executable ../../../bin/map_test
[ 28%] Built target fixture_test
[ 29%] Linking CXX executable ../../../bin/register_benchmark_test
[ 29%] Building CXX object bench/benchmark/test/CMakeFiles/link_main_test.dir/link_main_test.cc.o
[ 29%] Built target map_test
[ 29%] Built target register_benchmark_test
[ 29%] Building CXX object bench/benchmark/test/CMakeFiles/reporter_output_test.dir/reporter_output_test.cc.o
[ 29%] Building CXX object bench/benchmark/test/CMakeFiles/templated_fixture_test.dir/templated_fixture_test.cc.o
[ 29%] Building CXX object src/CMakeFiles/taco.dir/ir/simplify.cpp.o
[ 30%] Building CXX object src/CMakeFiles/taco.dir/ir/workspace_rewriter.cpp.o
/Users/malenacochrane/Desktop/clean-build-mosaic/mosaic/src/index_notation/index_notation.cpp:1006:13: warning: unused function 'simplifyNegatives' [-Wunused-function]
static void simplifyNegatives(IndexStmt stmt, std::map<IndexExpr, std::vector<IndexExpr>> &exprToreplace){
            ^
[ 30%] Building CXX object src/CMakeFiles/taco.dir/lower/expr_tools.cpp.o
[ 30%] Building CXX object src/CMakeFiles/taco.dir/lower/iteration_forest.cpp.o
[ 30%] Linking CXX executable ../../../bin/multiple_ranges_test
[ 31%] Linking CXX executable ../../../bin/link_main_test
[ 32%] Building CXX object src/CMakeFiles/taco.dir/lower/iteration_graph.cpp.o
[ 32%] Linking CXX executable ../../../bin/args_product_test
[ 32%] Built target multiple_ranges_test
[ 32%] Building CXX object src/CMakeFiles/taco.dir/lower/iterator.cpp.o
[ 32%] Built target link_main_test
[ 32%] Building CXX object src/CMakeFiles/taco.dir/lower/lower.cpp.o
[ 32%] Linking CXX executable ../../../bin/templated_fixture_test
[ 33%] Building CXX object bench/benchmark/test/CMakeFiles/user_counters_test.dir/user_counters_test.cc.o
[ 33%] Built target args_product_test
[ 34%] Building CXX object bench/benchmark/test/CMakeFiles/perf_counters_test.dir/perf_counters_test.cc.o
[ 34%] Built target templated_fixture_test
[ 35%] Building CXX object bench/benchmark/test/CMakeFiles/internal_threading_test.dir/internal_threading_test.cc.o
[ 36%] Building CXX object src/CMakeFiles/taco.dir/lower/lowerer_impl.cpp.o
[ 36%] Building CXX object src/CMakeFiles/taco.dir/lower/lowerer_impl_imperative.cpp.o
[ 36%] Linking CXX executable ../../../bin/perf_counters_test
[ 36%] Building CXX object src/CMakeFiles/taco.dir/lower/merge_lattice.cpp.o
[ 36%] Linking CXX executable ../../../bin/internal_threading_test
[ 37%] Building CXX object src/CMakeFiles/taco.dir/lower/mode.cpp.o
[ 37%] Built target perf_counters_test
[ 37%] Building CXX object src/CMakeFiles/taco.dir/lower/mode_access.cpp.o
[ 37%] Built target internal_threading_test
[ 38%] Building CXX object bench/benchmark/test/CMakeFiles/report_aggregates_only_test.dir/report_aggregates_only_test.cc.o
[ 39%] Building CXX object bench/benchmark/test/CMakeFiles/display_aggregates_only_test.dir/display_aggregates_only_test.cc.o
[ 39%] Linking CXX executable ../../../bin/user_counters_test
/Users/malenacochrane/Desktop/clean-build-mosaic/mosaic/src/lower/lowerer_impl_imperative.cpp:512:14: warning: variable 'i' set but not used [-Wunused-but-set-variable]
      size_t i = 0;
             ^
[ 39%] Building CXX object src/CMakeFiles/taco.dir/lower/mode_format_compressed.cpp.o
[ 39%] Building CXX object bench/benchmark/test/CMakeFiles/user_counters_tabular_test.dir/user_counters_tabular_test.cc.o
/Users/malenacochrane/Desktop/clean-build-mosaic/mosaic/src/lower/lowerer_impl_imperative.cpp:2049:38: warning: '&&' within '||' [-Wlogical-op-parentheses]
    if (lattice.points().size() == 1 && lattice.iterators().size() == 1
        ~~~~~~~~~~~~~~~~~~~~~~~~~~~~~^~~~~~~~~~~~~~~~~~~~~~~~~~~~~~~~~~
/Users/malenacochrane/Desktop/clean-build-mosaic/mosaic/src/lower/lowerer_impl_imperative.cpp:2049:38: note: place parentheses around the '&&' expression to silence this warning
    if (lattice.points().size() == 1 && lattice.iterators().size() == 1
                                     ^
        (                                                              )
[ 39%] Building CXX object src/CMakeFiles/taco.dir/lower/mode_format_dense.cpp.o
[ 40%] Building CXX object src/CMakeFiles/taco.dir/lower/mode_format_impl.cpp.o
[ 40%] Built target user_counters_test
[ 40%] Linking CXX executable ../../../bin/report_aggregates_only_test
[ 40%] Building CXX object bench/benchmark/test/CMakeFiles/user_counters_thousands_test.dir/user_counters_thousands_test.cc.o
[ 41%] Building CXX object bench/benchmark/test/CMakeFiles/memory_manager_test.dir/memory_manager_test.cc.o
[ 41%] Linking CXX executable ../../../bin/display_aggregates_only_test
[ 41%] Built target report_aggregates_only_test
[ 41%] Built target display_aggregates_only_test
[ 42%] Building CXX object bench/benchmark/test/CMakeFiles/cxx03_test.dir/cxx03_test.cc.o
[ 42%] Building CXX object bench/benchmark/test/CMakeFiles/complexity_test.dir/complexity_test.cc.o
[ 42%] Linking CXX executable ../../../bin/reporter_output_test
[ 42%] Building CXX object src/CMakeFiles/taco.dir/lower/mode_format_singleton.cpp.o
[ 42%] Built target reporter_output_test
[ 42%] Building CXX object src/CMakeFiles/taco.dir/lower/tensor_path.cpp.o
[ 42%] Linking CXX executable ../../../bin/cxx03_test
[ 42%] Building CXX object bench/benchmark/third_party/googletest/build/googlemock/CMakeFiles/gmock.dir/src/gmock-all.cc.o
[ 42%] Linking CXX executable ../../../bin/memory_manager_test
[ 42%] Built target cxx03_test
[ 43%] Building CXX object src/CMakeFiles/taco.dir/parser/einsum_parser.cpp.o
[ 43%] Building CXX object bench/benchmark/test/CMakeFiles/repetitions_test.dir/repetitions_test.cc.o
[ 43%] Built target memory_manager_test
[ 43%] Building CXX object src/CMakeFiles/taco.dir/parser/lexer.cpp.o
[ 43%] Building CXX object src/CMakeFiles/taco.dir/parser/parser.cpp.o
[ 44%] Linking CXX executable ../../../bin/user_counters_thousands_test
[ 44%] Linking CXX executable ../../../bin/complexity_test
[ 44%] Built target user_counters_thousands_test
[ 45%] Building CXX object src/CMakeFiles/taco.dir/parser/schedule_parser.cpp.o
[ 45%] Built target complexity_test
[ 45%] Building CXX object src/CMakeFiles/taco.dir/storage/array.cpp.o
[ 45%] Building CXX object src/CMakeFiles/taco.dir/storage/file_io_mtx.cpp.o
[ 46%] Building CXX object src/CMakeFiles/taco.dir/storage/file_io_rb.cpp.o
[ 46%] Building CXX object src/CMakeFiles/taco.dir/storage/file_io_tns.cpp.o
[ 46%] Building CXX object src/CMakeFiles/taco.dir/storage/index.cpp.o
[ 46%] Linking CXX executable ../../../bin/user_counters_tabular_test
[ 47%] Building CXX object src/CMakeFiles/taco.dir/storage/pack.cpp.o
[ 47%] Built target user_counters_tabular_test
[ 48%] Linking CXX static library ../../../../../../lib/libgmock.a
[ 48%] Building CXX object src/CMakeFiles/taco.dir/storage/storage.cpp.o
[ 48%] Linking CXX executable ../../../bin/repetitions_test
[ 48%] Built target gmock
[ 48%] Building CXX object src/CMakeFiles/taco.dir/storage/typed_index.cpp.o
[ 48%] Building CXX object bench/benchmark/third_party/googletest/build/googlemock/CMakeFiles/gmock_main.dir/src/gmock_main.cc.o
[ 48%] Built target repetitions_test
[ 48%] Building CXX object src/CMakeFiles/taco.dir/storage/typed_value.cpp.o
[ 49%] Building CXX object src/CMakeFiles/taco.dir/util/env.cpp.o
[ 49%] Building CXX object src/CMakeFiles/taco.dir/util/files.cpp.o
[ 49%] Building CXX object src/CMakeFiles/taco.dir/util/name_generator.cpp.o
[ 50%] Building CXX object src/CMakeFiles/taco.dir/util/strings.cpp.o
[ 50%] Linking CXX static library ../../../../../../lib/libgmock_main.a
[ 50%] Built target gmock_main
[ 51%] Building CXX object bench/benchmark/test/CMakeFiles/benchmark_gtest.dir/benchmark_gtest.cc.o
[ 52%] Building CXX object bench/benchmark/test/CMakeFiles/benchmark_name_gtest.dir/benchmark_name_gtest.cc.o
[ 52%] Building CXX object bench/benchmark/test/CMakeFiles/benchmark_random_interleaving_gtest.dir/benchmark_random_interleaving_gtest.cc.o
[ 53%] Building CXX object bench/benchmark/test/CMakeFiles/statistics_gtest.dir/statistics_gtest.cc.o
[ 53%] Building CXX object bench/benchmark/test/CMakeFiles/commandlineflags_gtest.dir/commandlineflags_gtest.cc.o
[ 53%] Building CXX object bench/benchmark/test/CMakeFiles/string_util_gtest.dir/string_util_gtest.cc.o
[ 53%] Building CXX object bench/benchmark/test/CMakeFiles/perf_counters_gtest.dir/perf_counters_gtest.cc.o
[ 53%] Building CXX object bench/benchmark/test/CMakeFiles/time_unit_gtest.dir/time_unit_gtest.cc.o
[ 53%] Linking CXX executable ../../../bin/statistics_gtest
[ 53%] Linking CXX executable ../../../bin/benchmark_name_gtest
[ 54%] Linking CXX executable ../../../bin/time_unit_gtest
[ 54%] Built target statistics_gtest
[ 54%] Built target benchmark_name_gtest
[ 55%] Linking CXX executable ../../../bin/string_util_gtest
[ 55%] Built target time_unit_gtest
[ 55%] Built target string_util_gtest
[ 56%] Linking CXX executable ../../../bin/benchmark_random_interleaving_gtest
[ 56%] Built target benchmark_random_interleaving_gtest
[ 56%] Linking CXX executable ../../../bin/perf_counters_gtest
[ 57%] Linking CXX executable ../../../bin/commandlineflags_gtest
[ 57%] Built target perf_counters_gtest
[ 57%] Built target commandlineflags_gtest
[ 57%] Linking CXX executable ../../../bin/benchmark_gtest
[ 57%] Built target benchmark_gtest
4 warnings generated.
2 warnings generated.
[ 57%] Linking CXX shared library ../lib/libtaco.dylib
[ 57%] Built target taco
[ 57%] Building CXX object tools/CMakeFiles/taco-tool.dir/taco.cpp.o
[ 58%] Building CXX object apps/tensor_times_vector/CMakeFiles/tensor_times_vector.dir/tensor_times_vector.cpp.o
[ 58%] Building CXX object test/CMakeFiles/taco-test.dir/expr_factory.cpp.o
[ 58%] Building CXX object test/CMakeFiles/taco-test.dir/test-interface.cpp.o
[ 58%] Building CXX object bench/CMakeFiles/taco-bench.dir/bench.cpp.o
[ 59%] Building CXX object test/CMakeFiles/taco-test.dir/test-accelerate-notation.cpp.o
[ 59%] Building CXX object test/CMakeFiles/taco-test.dir/test.cpp.o
[ 60%] Building CXX object bench/CMakeFiles/taco-bench.dir/bench_blockSparse_blas.cpp.o
[ 60%] Building CXX object bench/CMakeFiles/taco-bench.dir/bench_blockSparse_taco.cpp.o
[ 60%] Building CXX object test/CMakeFiles/taco-test.dir/test-typedcomponent-memory.cpp.o
[ 60%] Building CXX object bench/CMakeFiles/taco-bench.dir/bench_blockSparse_gsl.cpp.o
[ 61%] Building CXX object bench/CMakeFiles/taco-bench.dir/bench_blockSparse_tblis.cpp.o
[ 61%] Building CXX object test/CMakeFiles/taco-test.dir/test-iteration_algebra.cpp.o
[ 62%] Building CXX object test/CMakeFiles/taco-test.dir/test-time-search.cpp.o
In file included from /Users/malenacochrane/Desktop/clean-build-mosaic/mosaic/test/test-interface.cpp:29:
/Users/malenacochrane/Desktop/clean-build-mosaic/mosaic/include/taco/accelerator_interface/mkl_interface.h:221:21: warning: field 'var' will be initialized after field 'i' [-Wreorder-ctor]
                    var(DeclVar("taco_tensor_t *", "CSR_tensor")),
                    ^~~~~~~~~~~~~~~~~~~~~~~~~~~~~~~~~~~~~~~~~~~~~
                    i(IndexVar())
In file included from /Users/malenacochrane/Desktop/clean-build-mosaic/mosaic/test/test-time-search.cpp:29:
/Users/malenacochrane/Desktop/clean-build-mosaic/mosaic/include/taco/accelerator_interface/mkl_interface.h:221:21: warning: field 'var' will be initialized after field 'i' [-Wreorder-ctor]
                    var(DeclVar("taco_tensor_t *", "CSR_tensor")),
                    ^~~~~~~~~~~~~~~~~~~~~~~~~~~~~~~~~~~~~~~~~~~~~
                    i(IndexVar())
/Users/malenacochrane/Desktop/clean-build-mosaic/mosaic/test/test-time-search.cpp:35:8: warning: unused variable 'NUM_I' [-Wunused-variable]
   int NUM_I = 10;
       ^
/Users/malenacochrane/Desktop/clean-build-mosaic/mosaic/test/test-time-search.cpp:37:8: warning: unused variable 'NUM_J' [-Wunused-variable]
   int NUM_J = 10;
       ^
/Users/malenacochrane/Desktop/clean-build-mosaic/mosaic/test/test-time-search.cpp:72:8: warning: unused variable 'NUM_I' [-Wunused-variable]
   int NUM_I = 10;
       ^
/Users/malenacochrane/Desktop/clean-build-mosaic/mosaic/test/test-time-search.cpp:74:8: warning: unused variable 'NUM_J' [-Wunused-variable]
   int NUM_J = 10;
       ^
/Users/malenacochrane/Desktop/clean-build-mosaic/mosaic/test/test-time-search.cpp:110:8: warning: unused variable 'NUM_I' [-Wunused-variable]
   int NUM_I = 10;
       ^
/Users/malenacochrane/Desktop/clean-build-mosaic/mosaic/test/test-time-search.cpp:112:8: warning: unused variable 'NUM_J' [-Wunused-variable]
   int NUM_J = 10;
       ^
/Users/malenacochrane/Desktop/clean-build-mosaic/mosaic/test/test-time-search.cpp:147:8: warning: unused variable 'NUM_I' [-Wunused-variable]
   int NUM_I = 10;
       ^
/Users/malenacochrane/Desktop/clean-build-mosaic/mosaic/test/test-time-search.cpp:149:8: warning: unused variable 'NUM_J' [-Wunused-variable]
   int NUM_J = 10;
       ^
/Users/malenacochrane/Desktop/clean-build-mosaic/mosaic/test/test-time-search.cpp:184:8: warning: unused variable 'NUM_I' [-Wunused-variable]
   int NUM_I = 10;
       ^
/Users/malenacochrane/Desktop/clean-build-mosaic/mosaic/test/test-time-search.cpp:186:8: warning: unused variable 'NUM_J' [-Wunused-variable]
   int NUM_J = 10;
       ^
/Users/malenacochrane/Desktop/clean-build-mosaic/mosaic/test/test-time-search.cpp:222:8: warning: unused variable 'NUM_I' [-Wunused-variable]
   int NUM_I = 10;
       ^
/Users/malenacochrane/Desktop/clean-build-mosaic/mosaic/test/test-time-search.cpp:224:8: warning: unused variable 'NUM_J' [-Wunused-variable]
   int NUM_J = 10;
       ^
[ 63%] Building CXX object test/CMakeFiles/taco-test.dir/test_properties.cpp.o
[ 63%] Building CXX object test/CMakeFiles/taco-test.dir/test_tensors.cpp.o
[ 63%] Building CXX object test/CMakeFiles/taco-test.dir/tests-api.cpp.o
[ 63%] Building CXX object bench/CMakeFiles/taco-bench.dir/bench_blockedSparse4T_5_bug_gsl.cpp.o
[ 63%] Linking CXX executable ../../bin/taco-tensor_times_vector
[ 63%] Building CXX object bench/CMakeFiles/taco-bench.dir/bench_blockedSparse4T_5_bug_mkl.cpp.o
[ 64%] Building CXX object test/CMakeFiles/taco-test.dir/tests-copyprop.cpp.o
[ 64%] Building CXX object bench/CMakeFiles/taco-bench.dir/bench_blockedSparse4T_5_cblas.cpp.o
[ 64%] Built target tensor_times_vector
[ 65%] Building CXX object bench/CMakeFiles/taco-bench.dir/bench_blockedSparse4T_5_gsl.cpp.o
[ 65%] Building CXX object bench/CMakeFiles/taco-bench.dir/bench_blockedSparse4T_5_mkl.cpp.o
[ 65%] Building CXX object test/CMakeFiles/taco-test.dir/tests-equivalent-expressions.cpp.o
In file included from /Users/malenacochrane/Desktop/clean-build-mosaic/mosaic/bench/bench_blockedSparse4T_5_bug_gsl.cpp:10:
/Users/malenacochrane/Desktop/clean-build-mosaic/mosaic/include/taco/accelerator_interface/mkl_interface.h:221:21: warning: field 'var' will be initialized after field 'i' [-Wreorder-ctor]
                    var(DeclVar("taco_tensor_t *", "CSR_tensor")),
                    ^~~~~~~~~~~~~~~~~~~~~~~~~~~~~~~~~~~~~~~~~~~~~
                    i(IndexVar())
/Users/malenacochrane/Desktop/clean-build-mosaic/mosaic/bench/bench_blockedSparse4T_5_bug_gsl.cpp:19:20: warning: unused function 'exec' [-Wunused-function]
static std::string exec(const char* cmd) {
                   ^
In file included from /Users/malenacochrane/Desktop/clean-build-mosaic/mosaic/bench/bench_blockedSparse4T_5_bug_mkl.cpp:10:
/Users/malenacochrane/Desktop/clean-build-mosaic/mosaic/include/taco/accelerator_interface/mkl_interface.h:221:21: warning: field 'var' will be initialized after field 'i' [-Wreorder-ctor]
                    var(DeclVar("taco_tensor_t *", "CSR_tensor")),
                    ^~~~~~~~~~~~~~~~~~~~~~~~~~~~~~~~~~~~~~~~~~~~~
                    i(IndexVar())
In file included from /Users/malenacochrane/Desktop/clean-build-mosaic/mosaic/bench/bench_blockedSparse4T_5_gsl.cpp:10:
/Users/malenacochrane/Desktop/clean-build-mosaic/mosaic/include/taco/accelerator_interface/mkl_interface.h:221:21: warning: field 'var' will be initialized after field 'i' [-Wreorder-ctor]
                    var(DeclVar("taco_tensor_t *", "CSR_tensor")),
                    ^~~~~~~~~~~~~~~~~~~~~~~~~~~~~~~~~~~~~~~~~~~~~
                    i(IndexVar())
In file included from /Users/malenacochrane/Desktop/clean-build-mosaic/mosaic/bench/bench_blockedSparse4T_5_mkl.cpp:10:
/Users/malenacochrane/Desktop/clean-build-mosaic/mosaic/include/taco/accelerator_interface/mkl_interface.h:221:21: warning: field 'var' will be initialized after field 'i' [-Wreorder-ctor]
                    var(DeclVar("taco_tensor_t *", "CSR_tensor")),
                    ^~~~~~~~~~~~~~~~~~~~~~~~~~~~~~~~~~~~~~~~~~~~~
                    i(IndexVar())
13 warnings generated.
/Users/malenacochrane/Desktop/clean-build-mosaic/mosaic/bench/bench_blockedSparse4T_5_gsl.cpp:19:20: warning: unused function 'exec' [-Wunused-function]
static std::string exec(const char* cmd) {
                   ^
/Users/malenacochrane/Desktop/clean-build-mosaic/mosaic/bench/bench_blockedSparse4T_5_bug_mkl.cpp:19:20: warning: unused function 'exec' [-Wunused-function]
static std::string exec(const char* cmd) {
                   ^
[ 65%] Building CXX object test/CMakeFiles/taco-test.dir/tests-error.cpp.o
[ 65%] Building CXX object test/CMakeFiles/taco-test.dir/tests-expr-reduction.cpp.o
/Users/malenacochrane/Desktop/clean-build-mosaic/mosaic/bench/bench_blockedSparse4T_5_cblas.cpp:18:20: warning: unused function 'exec' [-Wunused-function]
static std::string exec(const char* cmd) {
                   ^
/Users/malenacochrane/Desktop/clean-build-mosaic/mosaic/bench/bench_blockedSparse4T_5_mkl.cpp:19:20: warning: unused function 'exec' [-Wunused-function]
static std::string exec(const char* cmd) {
                   ^
[ 66%] Building CXX object test/CMakeFiles/taco-test.dir/tests-expr.cpp.o
2 warnings generated.
[ 67%] Building CXX object bench/CMakeFiles/taco-bench.dir/bench_blockedSparse4T_cblas.cpp.o
[ 67%] Building CXX object bench/CMakeFiles/taco-bench.dir/bench_blockedSparse4T_5_taco.cpp.o
2 warnings generated.
[ 67%] Building CXX object bench/CMakeFiles/taco-bench.dir/bench_blockedSparse4T_gsl.cpp.o
2 warnings generated.
1 warning generated.
[ 67%] Building CXX object test/CMakeFiles/taco-test.dir/tests-expr_storage.cpp.o
[ 67%] Building CXX object bench/CMakeFiles/taco-bench.dir/bench_blockedSparse4T_mkl.cpp.o
2 warnings generated.
[ 68%] Building CXX object bench/CMakeFiles/taco-bench.dir/bench_blockedSparse4T_taco.cpp.o
[ 68%] Building CXX object test/CMakeFiles/taco-test.dir/tests-format-mm-permute.cpp.o
[ 69%] Building CXX object test/CMakeFiles/taco-test.dir/tests-format.cpp.o
In file included from /Users/malenacochrane/Desktop/clean-build-mosaic/mosaic/bench/bench_blockedSparse4T_5_taco.cpp:10:
/Users/malenacochrane/Desktop/clean-build-mosaic/mosaic/include/taco/accelerator_interface/mkl_interface.h:221:21: warning: field 'var' will be initialized after field 'i' [-Wreorder-ctor]
                    var(DeclVar("taco_tensor_t *", "CSR_tensor")),
                    ^~~~~~~~~~~~~~~~~~~~~~~~~~~~~~~~~~~~~~~~~~~~~
                    i(IndexVar())
[ 69%] Building CXX object test/CMakeFiles/taco-test.dir/tests-index.cpp.o
In file included from /Users/malenacochrane/Desktop/clean-build-mosaic/mosaic/bench/bench_blockedSparse4T_gsl.cpp:10:
/Users/malenacochrane/Desktop/clean-build-mosaic/mosaic/include/taco/accelerator_interface/mkl_interface.h:221:21: warning: field 'var' will be initialized after field 'i' [-Wreorder-ctor]
                    var(DeclVar("taco_tensor_t *", "CSR_tensor")),
                    ^~~~~~~~~~~~~~~~~~~~~~~~~~~~~~~~~~~~~~~~~~~~~
                    i(IndexVar())
In file included from /Users/malenacochrane/Desktop/clean-build-mosaic/mosaic/bench/bench_blockedSparse4T_mkl.cpp:10:
/Users/malenacochrane/Desktop/clean-build-mosaic/mosaic/include/taco/accelerator_interface/mkl_interface.h:221:21: warning: field 'var' will be initialized after field 'i' [-Wreorder-ctor]
                    var(DeclVar("taco_tensor_t *", "CSR_tensor")),
                    ^~~~~~~~~~~~~~~~~~~~~~~~~~~~~~~~~~~~~~~~~~~~~
                    i(IndexVar())
[ 69%] Building CXX object test/CMakeFiles/taco-test.dir/tests-index_notation.cpp.o
/Users/malenacochrane/Desktop/clean-build-mosaic/mosaic/bench/bench_blockedSparse4T_5_taco.cpp:19:20: warning: unused function 'exec' [-Wunused-function]
static std::string exec(const char* cmd) {
                   ^
In file included from /Users/malenacochrane/Desktop/clean-build-mosaic/mosaic/bench/bench_blockedSparse4T_taco.cpp:10:
/Users/malenacochrane/Desktop/clean-build-mosaic/mosaic/include/taco/accelerator_interface/mkl_interface.h:221:21: warning: field 'var' will be initialized after field 'i' [-Wreorder-ctor]
                    var(DeclVar("taco_tensor_t *", "CSR_tensor")),
                    ^~~~~~~~~~~~~~~~~~~~~~~~~~~~~~~~~~~~~~~~~~~~~
                    i(IndexVar())
/Users/malenacochrane/Desktop/clean-build-mosaic/mosaic/bench/bench_blockedSparse4T_cblas.cpp:18:20: warning: unused function 'exec' [-Wunused-function]
static std::string exec(const char* cmd) {
                   ^
/Users/malenacochrane/Desktop/clean-build-mosaic/mosaic/bench/bench_blockedSparse4T_gsl.cpp:19:20: warning: unused function 'exec' [-Wunused-function]
static std::string exec(const char* cmd) {
                   ^
/Users/malenacochrane/Desktop/clean-build-mosaic/mosaic/bench/bench_blockedSparse4T_mkl.cpp:19:20: warning: unused function 'exec' [-Wunused-function]
static std::string exec(const char* cmd) {
                   ^
/Users/malenacochrane/Desktop/clean-build-mosaic/mosaic/bench/bench_blockedSparse4T_taco.cpp:19:20: warning: unused function 'exec' [-Wunused-function]
static std::string exec(const char* cmd) {
                   ^
2 warnings generated.
[ 69%] Building CXX object bench/CMakeFiles/taco-bench.dir/bench_blockedSparse4T_tblis.cpp.o
1 warning generated.
2 warnings generated.
[ 70%] Building CXX object test/CMakeFiles/taco-test.dir/tests-indexexpr.cpp.o
[ 70%] Building CXX object bench/CMakeFiles/taco-bench.dir/bench_dot_blas.cpp.o
[ 71%] Building CXX object bench/CMakeFiles/taco-bench.dir/bench_dot_gsl.cpp.o
2 warnings generated.
[ 71%] Building CXX object bench/CMakeFiles/taco-bench.dir/bench_dot_taco.cpp.o
2 warnings generated.
[ 72%] Linking CXX executable ../bin/taco
[ 72%] Building CXX object test/CMakeFiles/taco-test.dir/tests-indexstmt.cpp.o
[ 72%] Building CXX object bench/CMakeFiles/taco-bench.dir/bench_dot_tblis.cpp.o
[ 72%] Built target taco-tool
[ 72%] Building CXX object test/CMakeFiles/taco-test.dir/tests-interface-schedular.cpp.o
[ 73%] Building CXX object test/CMakeFiles/taco-test.dir/tests-io.cpp.o
[ 73%] Building CXX object test/CMakeFiles/taco-test.dir/tests-lower.cpp.o
In file included from /Users/malenacochrane/Desktop/clean-build-mosaic/mosaic/bench/bench_blockedSparse4T_tblis.cpp:10:
/Users/malenacochrane/Desktop/clean-build-mosaic/mosaic/include/taco/accelerator_interface/mkl_interface.h:221:21: warning: field 'var' will be initialized after field 'i' [-Wreorder-ctor]
                    var(DeclVar("taco_tensor_t *", "CSR_tensor")),
                    ^~~~~~~~~~~~~~~~~~~~~~~~~~~~~~~~~~~~~~~~~~~~~
                    i(IndexVar())
/Users/malenacochrane/Desktop/clean-build-mosaic/mosaic/bench/bench_blockedSparse4T_tblis.cpp:19:20: warning: unused function 'exec' [-Wunused-function]
static std::string exec(const char* cmd) {
                   ^
[ 73%] Building CXX object test/CMakeFiles/taco-test.dir/tests-merge_lattice.cpp.o
2 warnings generated.
[ 73%] Building CXX object bench/CMakeFiles/taco-bench.dir/bench_gemv_blas.cpp.o
[ 74%] Building CXX object bench/CMakeFiles/taco-bench.dir/bench_gemv_gsl.cpp.o
[ 74%] Building CXX object bench/CMakeFiles/taco-bench.dir/bench_gemv_mkl.cpp.o
[ 74%] Building CXX object bench/CMakeFiles/taco-bench.dir/bench_gemv_taco.cpp.o
[ 75%] Building CXX object test/CMakeFiles/taco-test.dir/tests-parafac.cpp.o
[ 75%] Building CXX object test/CMakeFiles/taco-test.dir/tests-qcd.cpp.o
[ 75%] Building CXX object test/CMakeFiles/taco-test.dir/tests-regression.cpp.o
[ 76%] Building CXX object bench/CMakeFiles/taco-bench.dir/bench_gemv_tblis.cpp.o
In file included from /Users/malenacochrane/Desktop/clean-build-mosaic/mosaic/bench/bench_gemv_mkl.cpp:8:
/Users/malenacochrane/Desktop/clean-build-mosaic/mosaic/include/taco/accelerator_interface/mkl_interface.h:221:21: warning: field 'var' will be initialized after field 'i' [-Wreorder-ctor]
                    var(DeclVar("taco_tensor_t *", "CSR_tensor")),
                    ^~~~~~~~~~~~~~~~~~~~~~~~~~~~~~~~~~~~~~~~~~~~~
                    i(IndexVar())
In file included from /Users/malenacochrane/Desktop/clean-build-mosaic/mosaic/bench/bench_gemv_tblis.cpp:8:
/Users/malenacochrane/Desktop/clean-build-mosaic/mosaic/include/taco/accelerator_interface/mkl_interface.h:221:21: warning: field 'var' will be initialized after field 'i' [-Wreorder-ctor]
                    var(DeclVar("taco_tensor_t *", "CSR_tensor")),
                    ^~~~~~~~~~~~~~~~~~~~~~~~~~~~~~~~~~~~~~~~~~~~~
                    i(IndexVar())
[ 76%] Building CXX object test/CMakeFiles/taco-test.dir/tests-schedule-parser.cpp.o
[ 77%] Building CXX object test/CMakeFiles/taco-test.dir/tests-scheduling-eval.cpp.o
1 warning generated.
[ 77%] Building CXX object bench/CMakeFiles/taco-bench.dir/bench_mm_add_bug_mkl.cpp.o
[ 77%] Building CXX object bench/CMakeFiles/taco-bench.dir/bench_mm_add_mkl.cpp.o
[ 78%] Building CXX object bench/CMakeFiles/taco-bench.dir/bench_mm_add_stardust.cpp.o
[ 78%] Building CXX object test/CMakeFiles/taco-test.dir/tests-scheduling.cpp.o
[ 78%] Building CXX object bench/CMakeFiles/taco-bench.dir/bench_mm_add_taco.cpp.o
1 warning generated.
[ 78%] Building CXX object bench/CMakeFiles/taco-bench.dir/bench_mm_blas.cpp.o
[ 78%] Building CXX object test/CMakeFiles/taco-test.dir/tests-storage.cpp.o
In file included from /Users/malenacochrane/Desktop/clean-build-mosaic/mosaic/bench/bench_mm_add_bug_mkl.cpp:11:
/Users/malenacochrane/Desktop/clean-build-mosaic/mosaic/include/taco/accelerator_interface/mkl_interface.h:221:21: warning: field 'var' will be initialized after field 'i' [-Wreorder-ctor]
                    var(DeclVar("taco_tensor_t *", "CSR_tensor")),
                    ^~~~~~~~~~~~~~~~~~~~~~~~~~~~~~~~~~~~~~~~~~~~~
                    i(IndexVar())
In file included from /Users/malenacochrane/Desktop/clean-build-mosaic/mosaic/bench/bench_mm_add_mkl.cpp:11:
/Users/malenacochrane/Desktop/clean-build-mosaic/mosaic/include/taco/accelerator_interface/mkl_interface.h:221:21: warning: field 'var' will be initialized after field 'i' [-Wreorder-ctor]
                    var(DeclVar("taco_tensor_t *", "CSR_tensor")),
                    ^~~~~~~~~~~~~~~~~~~~~~~~~~~~~~~~~~~~~~~~~~~~~
                    i(IndexVar())
In file included from /Users/malenacochrane/Desktop/clean-build-mosaic/mosaic/bench/bench_mm_add_stardust.cpp:11:
/Users/malenacochrane/Desktop/clean-build-mosaic/mosaic/include/taco/accelerator_interface/mkl_interface.h:221:21: warning: field 'var' will be initialized after field 'i' [-Wreorder-ctor]
                    var(DeclVar("taco_tensor_t *", "CSR_tensor")),
                    ^~~~~~~~~~~~~~~~~~~~~~~~~~~~~~~~~~~~~~~~~~~~~
                    i(IndexVar())
/Users/malenacochrane/Desktop/clean-build-mosaic/mosaic/test/tests-scheduling.cpp:570:7: warning: variable 'countCorrect' set but not used [-Wunused-but-set-variable]
  int countCorrect = 0;
      ^
/Users/malenacochrane/Desktop/clean-build-mosaic/mosaic/test/tests-scheduling.cpp:571:7: warning: variable 'countIncorrect' set but not used [-Wunused-but-set-variable]
  int countIncorrect = 0;
      ^
[ 79%] Building CXX object test/CMakeFiles/taco-test.dir/tests-storage_alloc.cpp.o
[ 79%] Building CXX object test/CMakeFiles/taco-test.dir/tests-tensor.cpp.o
1 warning generated.
[ 80%] Building CXX object bench/CMakeFiles/taco-bench.dir/bench_mm_gsl.cpp.o
[ 80%] Building CXX object test/CMakeFiles/taco-test.dir/tests-tensor_types.cpp.o
1 warning generated.
[ 80%] Building CXX object bench/CMakeFiles/taco-bench.dir/bench_mm_taco.cpp.o
[ 81%] Building CXX object test/CMakeFiles/taco-test.dir/tests-transformation.cpp.o
[ 81%] Building CXX object bench/CMakeFiles/taco-bench.dir/bench_mm_tblis.cpp.o
1 warning generated.
[ 82%] Building CXX object bench/CMakeFiles/taco-bench.dir/bench_plus3_gsl_tensor.cpp.o
1 warning generated.
[ 82%] Building CXX object test/CMakeFiles/taco-test.dir/tests-transpose.cpp.o
[ 82%] Building CXX object test/CMakeFiles/taco-test.dir/tests-type.cpp.o
[ 82%] Building CXX object bench/CMakeFiles/taco-bench.dir/bench_plus3_taco.cpp.o
[ 82%] Building CXX object bench/CMakeFiles/taco-bench.dir/bench_plus3_tblis.cpp.o
[ 82%] Building CXX object bench/CMakeFiles/taco-bench.dir/bench_saxpy_blas.cpp.o
[ 83%] Building CXX object test/CMakeFiles/taco-test.dir/tests-windowing.cpp.o
[ 84%] Building CXX object bench/CMakeFiles/taco-bench.dir/bench_saxpy_gsl.cpp.o
[ 84%] Building CXX object bench/CMakeFiles/taco-bench.dir/bench_saxpy_taco.cpp.o
[ 84%] Building CXX object test/CMakeFiles/taco-test.dir/tests-workspaces.cpp.o
[ 84%] Building CXX object bench/CMakeFiles/taco-bench.dir/bench_saxpy_tblis.cpp.o
[ 85%] Building CXX object bench/CMakeFiles/taco-bench.dir/bench_sddmm_blas.cpp.o
[ 85%] Building CXX object bench/CMakeFiles/taco-bench.dir/bench_sddmm_cblas_dot.cpp.o
[ 85%] Building CXX object bench/CMakeFiles/taco-bench.dir/bench_sddmm_cblas_gemv.cpp.o
2 warnings generated.
[ 86%] Building CXX object bench/CMakeFiles/taco-bench.dir/bench_sddmm_cblas_varySparsity.cpp.o
[ 86%] Building CXX object bench/CMakeFiles/taco-bench.dir/bench_sddmm_gsl.cpp.o
In file included from /Users/malenacochrane/Desktop/clean-build-mosaic/mosaic/bench/bench_sddmm_blas.cpp:11:
/Users/malenacochrane/Desktop/clean-build-mosaic/mosaic/include/taco/accelerator_interface/mkl_interface.h:221:21: warning: field 'var' will be initialized after field 'i' [-Wreorder-ctor]
                    var(DeclVar("taco_tensor_t *", "CSR_tensor")),
                    ^~~~~~~~~~~~~~~~~~~~~~~~~~~~~~~~~~~~~~~~~~~~~
                    i(IndexVar())
[ 86%] Building CXX object bench/CMakeFiles/taco-bench.dir/bench_sddmm_gsl_dot.cpp.o
[ 87%] Building CXX object bench/CMakeFiles/taco-bench.dir/bench_sddmm_gsl_dot_varySparsity.cpp.o
In file included from /Users/malenacochrane/Desktop/clean-build-mosaic/mosaic/bench/bench_sddmm_gsl.cpp:11:
/Users/malenacochrane/Desktop/clean-build-mosaic/mosaic/include/taco/accelerator_interface/mkl_interface.h:221:21: warning: field 'var' will be initialized after field 'i' [-Wreorder-ctor]
                    var(DeclVar("taco_tensor_t *", "CSR_tensor")),
                    ^~~~~~~~~~~~~~~~~~~~~~~~~~~~~~~~~~~~~~~~~~~~~
                    i(IndexVar())
[ 87%] Building CXX object bench/CMakeFiles/taco-bench.dir/bench_sddmm_gsl_gemv.cpp.o
1 warning generated.
[ 87%] Building CXX object bench/CMakeFiles/taco-bench.dir/bench_sddmm_gsl_gemv_varySparsity.cpp.o
[ 87%] Building CXX object bench/CMakeFiles/taco-bench.dir/bench_sddmm_gsl_varySparsity.cpp.o
[ 88%] Building CXX object bench/CMakeFiles/taco-bench.dir/bench_sddmm_mkl.cpp.o
[ 88%] Building CXX object bench/CMakeFiles/taco-bench.dir/bench_sddmm_mkl_gemv.cpp.o
1 warning generated.
[ 88%] Building CXX object bench/CMakeFiles/taco-bench.dir/bench_sddmm_mkl_gemv_varySparsity.cpp.o
In file included from /Users/malenacochrane/Desktop/clean-build-mosaic/mosaic/bench/bench_sddmm_mkl.cpp:11:
/Users/malenacochrane/Desktop/clean-build-mosaic/mosaic/include/taco/accelerator_interface/mkl_interface.h:221:21: warning: field 'var' will be initialized after field 'i' [-Wreorder-ctor]
                    var(DeclVar("taco_tensor_t *", "CSR_tensor")),
                    ^~~~~~~~~~~~~~~~~~~~~~~~~~~~~~~~~~~~~~~~~~~~~
                    i(IndexVar())
[ 89%] Building CXX object bench/CMakeFiles/taco-bench.dir/bench_sddmm_mkl_varySparsity.cpp.o
In file included from /Users/malenacochrane/Desktop/clean-build-mosaic/mosaic/bench/bench_sddmm_mkl_gemv.cpp:10:
/Users/malenacochrane/Desktop/clean-build-mosaic/mosaic/include/taco/accelerator_interface/mkl_interface.h:221:21: warning: field 'var' will be initialized after field 'i' [-Wreorder-ctor]
                    var(DeclVar("taco_tensor_t *", "CSR_tensor")),
                    ^~~~~~~~~~~~~~~~~~~~~~~~~~~~~~~~~~~~~~~~~~~~~
                    i(IndexVar())
[ 89%] Building CXX object bench/CMakeFiles/taco-bench.dir/bench_sddmm_taco.cpp.o
In file included from /Users/malenacochrane/Desktop/clean-build-mosaic/mosaic/bench/bench_sddmm_mkl_gemv_varySparsity.cpp:9:
/Users/malenacochrane/Desktop/clean-build-mosaic/mosaic/include/taco/accelerator_interface/mkl_interface.h:221:21: warning: field 'var' will be initialized after field 'i' [-Wreorder-ctor]
                    var(DeclVar("taco_tensor_t *", "CSR_tensor")),
                    ^~~~~~~~~~~~~~~~~~~~~~~~~~~~~~~~~~~~~~~~~~~~~
                    i(IndexVar())
[ 89%] Building CXX object bench/CMakeFiles/taco-bench.dir/bench_sddmm_taco_varySparsity.cpp.o
In file included from /Users/malenacochrane/Desktop/clean-build-mosaic/mosaic/bench/bench_sddmm_mkl_varySparsity.cpp:11:
/Users/malenacochrane/Desktop/clean-build-mosaic/mosaic/include/taco/accelerator_interface/mkl_interface.h:221:21: warning: field 'var' will be initialized after field 'i' [-Wreorder-ctor]
                    var(DeclVar("taco_tensor_t *", "CSR_tensor")),
                    ^~~~~~~~~~~~~~~~~~~~~~~~~~~~~~~~~~~~~~~~~~~~~
                    i(IndexVar())
[ 90%] Building CXX object bench/CMakeFiles/taco-bench.dir/bench_sddmm_tblis.cpp.o
[ 90%] Building CXX object bench/CMakeFiles/taco-bench.dir/bench_sddmm_tblis_varySparsity.cpp.o
[ 90%] Building CXX object bench/CMakeFiles/taco-bench.dir/bench_sddmm_varySparsity_cblas_dot.cpp.o
1 warning generated.
In file included from /Users/malenacochrane/Desktop/clean-build-mosaic/mosaic/bench/bench_sddmm_taco.cpp:11:
/Users/malenacochrane/Desktop/clean-build-mosaic/mosaic/include/taco/accelerator_interface/mkl_interface.h:221:21: warning: field 'var' will be initialized after field 'i' [-Wreorder-ctor]
                    var(DeclVar("taco_tensor_t *", "CSR_tensor")),
                    ^~~~~~~~~~~~~~~~~~~~~~~~~~~~~~~~~~~~~~~~~~~~~
                    i(IndexVar())
[ 91%] Building CXX object bench/CMakeFiles/taco-bench.dir/bench_sddmm_varySparsity_cblas_gemv.cpp.o
[ 91%] Building CXX object bench/CMakeFiles/taco-bench.dir/bench_sddmm_varySparsity_mkl_dot.cpp.o
1 warning generated.
1 warning generated.
[ 91%] Building CXX object bench/CMakeFiles/taco-bench.dir/bench_sgemm_blas.cpp.o
[ 91%] Building CXX object bench/CMakeFiles/taco-bench.dir/bench_sgemm_gsl.cpp.o
1 warning generated.
[ 92%] Building CXX object bench/CMakeFiles/taco-bench.dir/bench_sgemm_taco.cpp.o
1 warning generated.
[ 92%] Building CXX object bench/CMakeFiles/taco-bench.dir/bench_sgemm_tblis.cpp.o
In file included from /Users/malenacochrane/Desktop/clean-build-mosaic/mosaic/bench/bench_sddmm_varySparsity_mkl_dot.cpp:11:
/Users/malenacochrane/Desktop/clean-build-mosaic/mosaic/include/taco/accelerator_interface/mkl_interface.h:221:21: warning: field 'var' will be initialized after field 'i' [-Wreorder-ctor]
                    var(DeclVar("taco_tensor_t *", "CSR_tensor")),
                    ^~~~~~~~~~~~~~~~~~~~~~~~~~~~~~~~~~~~~~~~~~~~~
                    i(IndexVar())
[ 92%] Building CXX object bench/CMakeFiles/taco-bench.dir/bench_spmm_coo_csr_mkl.cpp.o
[ 93%] Building CXX object bench/CMakeFiles/taco-bench.dir/bench_spmm_taco_coo.cpp.o
[ 93%] Building CXX object bench/CMakeFiles/taco-bench.dir/bench_spmm_taco_csr.cpp.o
[ 93%] Building CXX object bench/CMakeFiles/taco-bench.dir/bench_spmv_cuda.cpp.o
[ 94%] Building CXX object bench/CMakeFiles/taco-bench.dir/bench_spmv_mkl.cpp.o
In file included from /Users/malenacochrane/Desktop/clean-build-mosaic/mosaic/bench/bench_spmm_coo_csr_mkl.cpp:11:
/Users/malenacochrane/Desktop/clean-build-mosaic/mosaic/include/taco/accelerator_interface/mkl_interface.h:221:21: warning: field 'var' will be initialized after field 'i' [-Wreorder-ctor]
                    var(DeclVar("taco_tensor_t *", "CSR_tensor")),
                    ^~~~~~~~~~~~~~~~~~~~~~~~~~~~~~~~~~~~~~~~~~~~~
                    i(IndexVar())
[ 94%] Building CXX object bench/CMakeFiles/taco-bench.dir/bench_spmv_stardust.cpp.o
[ 94%] Building CXX object bench/CMakeFiles/taco-bench.dir/bench_spmv_taco.cpp.o
[ 95%] Building CXX object bench/CMakeFiles/taco-bench.dir/bench_suitesparse_blas.cpp.o
1 warning generated.
[ 95%] Building CXX object bench/CMakeFiles/taco-bench.dir/bench_suitesparse_mkl.cpp.o
[ 95%] Building CXX object bench/CMakeFiles/taco-bench.dir/bench_suitesparse_taco.cpp.o
[ 96%] Building CXX object bench/CMakeFiles/taco-bench.dir/bench_symmgemv_blas.cpp.o
In file included from /Users/malenacochrane/Desktop/clean-build-mosaic/mosaic/bench/bench_spmm_taco_csr.cpp:11:
/Users/malenacochrane/Desktop/clean-build-mosaic/mosaic/include/taco/accelerator_interface/mkl_interface.h:221:21: warning: field 'var' will be initialized after field 'i' [-Wreorder-ctor]
                    var(DeclVar("taco_tensor_t *", "CSR_tensor")),
                    ^~~~~~~~~~~~~~~~~~~~~~~~~~~~~~~~~~~~~~~~~~~~~
                    i(IndexVar())
In file included from /Users/malenacochrane/Desktop/clean-build-mosaic/mosaic/bench/bench_spmv_mkl.cpp:7:
/Users/malenacochrane/Desktop/clean-build-mosaic/mosaic/include/taco/accelerator_interface/mkl_interface.h:221:21: warning: field 'var' will be initialized after field 'i' [-Wreorder-ctor]
                    var(DeclVar("taco_tensor_t *", "CSR_tensor")),
                    ^~~~~~~~~~~~~~~~~~~~~~~~~~~~~~~~~~~~~~~~~~~~~
                    i(IndexVar())
In file included from /Users/malenacochrane/Desktop/clean-build-mosaic/mosaic/bench/bench_spmm_taco_coo.cpp:11:
/Users/malenacochrane/Desktop/clean-build-mosaic/mosaic/include/taco/accelerator_interface/mkl_interface.h:221:21: warning: field 'var' will be initialized after field 'i' [-Wreorder-ctor]
                    var(DeclVar("taco_tensor_t *", "CSR_tensor")),
                    ^~~~~~~~~~~~~~~~~~~~~~~~~~~~~~~~~~~~~~~~~~~~~
                    i(IndexVar())
In file included from /Users/malenacochrane/Desktop/clean-build-mosaic/mosaic/bench/bench_spmv_cuda.cpp:7:
/Users/malenacochrane/Desktop/clean-build-mosaic/mosaic/include/taco/accelerator_interface/mkl_interface.h:221:21: warning: field 'var' will be initialized after field 'i' [-Wreorder-ctor]
                    var(DeclVar("taco_tensor_t *", "CSR_tensor")),
                    ^~~~~~~~~~~~~~~~~~~~~~~~~~~~~~~~~~~~~~~~~~~~~
                    i(IndexVar())
1 warning generated.
[ 96%] Building CXX object bench/CMakeFiles/taco-bench.dir/bench_symmgemv_gsl.cpp.o
[ 96%] Building CXX object bench/CMakeFiles/taco-bench.dir/bench_symmgemv_mkl.cpp.o
In file included from /Users/malenacochrane/Desktop/clean-build-mosaic/mosaic/bench/bench_spmv_stardust.cpp:7:
/Users/malenacochrane/Desktop/clean-build-mosaic/mosaic/include/taco/accelerator_interface/mkl_interface.h:221:21: warning: field 'var' will be initialized after field 'i' [-Wreorder-ctor]
                    var(DeclVar("taco_tensor_t *", "CSR_tensor")),
                    ^~~~~~~~~~~~~~~~~~~~~~~~~~~~~~~~~~~~~~~~~~~~~
                    i(IndexVar())
In file included from /Users/malenacochrane/Desktop/clean-build-mosaic/mosaic/bench/bench_spmv_taco.cpp:7:
/Users/malenacochrane/Desktop/clean-build-mosaic/mosaic/include/taco/accelerator_interface/mkl_interface.h:221:21: warning: field 'var' will be initialized after field 'i' [-Wreorder-ctor]
                    var(DeclVar("taco_tensor_t *", "CSR_tensor")),
                    ^~~~~~~~~~~~~~~~~~~~~~~~~~~~~~~~~~~~~~~~~~~~~
                    i(IndexVar())
In file included from /Users/malenacochrane/Desktop/clean-build-mosaic/mosaic/bench/bench_suitesparse_blas.cpp:11:
/Users/malenacochrane/Desktop/clean-build-mosaic/mosaic/include/taco/accelerator_interface/mkl_interface.h:221:21: warning: field 'var' will be initialized after field 'i' [-Wreorder-ctor]
                    var(DeclVar("taco_tensor_t *", "CSR_tensor")),
                    ^~~~~~~~~~~~~~~~~~~~~~~~~~~~~~~~~~~~~~~~~~~~~
                    i(IndexVar())
In file included from /Users/malenacochrane/Desktop/clean-build-mosaic/mosaic/bench/bench_suitesparse_mkl.cpp:11:
/Users/malenacochrane/Desktop/clean-build-mosaic/mosaic/include/taco/accelerator_interface/mkl_interface.h:221:21: warning: field 'var' will be initialized after field 'i' [-Wreorder-ctor]
                    var(DeclVar("taco_tensor_t *", "CSR_tensor")),
                    ^~~~~~~~~~~~~~~~~~~~~~~~~~~~~~~~~~~~~~~~~~~~~
                    i(IndexVar())
In file included from /Users/malenacochrane/Desktop/clean-build-mosaic/mosaic/bench/bench_suitesparse_taco.cpp:11:
/Users/malenacochrane/Desktop/clean-build-mosaic/mosaic/include/taco/accelerator_interface/mkl_interface.h:221:21: warning: field 'var' will be initialized after field 'i' [-Wreorder-ctor]
                    var(DeclVar("taco_tensor_t *", "CSR_tensor")),
                    ^~~~~~~~~~~~~~~~~~~~~~~~~~~~~~~~~~~~~~~~~~~~~
                    i(IndexVar())
/Users/malenacochrane/Desktop/clean-build-mosaic/mosaic/bench/bench_suitesparse_blas.cpp:19:20: warning: unused function 'exec' [-Wunused-function]
static std::string exec(const char* cmd) {
                   ^
1 warning generated.
1 warning generated.
[ 97%] Building CXX object bench/CMakeFiles/taco-bench.dir/bench_symmgemv_tblis.cpp.o
[ 97%] Building CXX object bench/CMakeFiles/taco-bench.dir/bench_symmgemv_taco.cpp.o
/Users/malenacochrane/Desktop/clean-build-mosaic/mosaic/bench/bench_suitesparse_mkl.cpp:19:20: warning: unused function 'exec' [-Wunused-function]
static std::string exec(const char* cmd) {
                   ^
[ 97%] Building CXX object bench/CMakeFiles/taco-bench.dir/bench_ttm_taco.cpp.o
/Users/malenacochrane/Desktop/clean-build-mosaic/mosaic/bench/bench_suitesparse_taco.cpp:19:20: warning: unused function 'exec' [-Wunused-function]
static std::string exec(const char* cmd) {
                   ^
[ 97%] Linking CXX executable ../bin/taco-test
In file included from /Users/malenacochrane/Desktop/clean-build-mosaic/mosaic/bench/bench_symmgemv_mkl.cpp:8:
/Users/malenacochrane/Desktop/clean-build-mosaic/mosaic/include/taco/accelerator_interface/mkl_interface.h:221:21: warning: field 'var' will be initialized after field 'i' [-Wreorder-ctor]
                    var(DeclVar("taco_tensor_t *", "CSR_tensor")),
                    ^~~~~~~~~~~~~~~~~~~~~~~~~~~~~~~~~~~~~~~~~~~~~
                    i(IndexVar())
1 warning generated.
1 warning generated.
[ 97%] Building CXX object bench/CMakeFiles/taco-bench.dir/bench_ttm_tblis.cpp.o
1 warning generated.
[ 98%] Building CXX object bench/CMakeFiles/taco-bench.dir/bench_ttv_blas.cpp.o
[ 98%] Built target taco-test
[ 98%] Building CXX object bench/CMakeFiles/taco-bench.dir/bench_ttv_gsl.cpp.o
[ 98%] Building CXX object bench/CMakeFiles/taco-bench.dir/bench_ttv_mkl.cpp.o
2 warnings generated.
2 warnings generated.
1 warning generated.
[ 99%] Building CXX object bench/CMakeFiles/taco-bench.dir/bench_ttv_taco.cpp.o
[ 99%] Building CXX object bench/CMakeFiles/taco-bench.dir/bench_ttv_tblis.cpp.o
[ 99%] Building CXX object bench/CMakeFiles/taco-bench.dir/bench_unfused_saxpy.cpp.o
2 warnings generated.
In file included from /Users/malenacochrane/Desktop/clean-build-mosaic/mosaic/bench/bench_symmgemv_tblis.cpp:8:
/Users/malenacochrane/Desktop/clean-build-mosaic/mosaic/include/taco/accelerator_interface/mkl_interface.h:221:21: warning: field 'var' will be initialized after field 'i' [-Wreorder-ctor]
                    var(DeclVar("taco_tensor_t *", "CSR_tensor")),
                    ^~~~~~~~~~~~~~~~~~~~~~~~~~~~~~~~~~~~~~~~~~~~~
                    i(IndexVar())
1 warning generated.
In file included from /Users/malenacochrane/Desktop/clean-build-mosaic/mosaic/bench/bench_ttv_mkl.cpp:9:
/Users/malenacochrane/Desktop/clean-build-mosaic/mosaic/include/taco/accelerator_interface/mkl_interface.h:221:21: warning: field 'var' will be initialized after field 'i' [-Wreorder-ctor]
                    var(DeclVar("taco_tensor_t *", "CSR_tensor")),
                    ^~~~~~~~~~~~~~~~~~~~~~~~~~~~~~~~~~~~~~~~~~~~~
                    i(IndexVar())
In file included from /Users/malenacochrane/Desktop/clean-build-mosaic/mosaic/bench/bench_ttv_gsl.cpp:10:
/Users/malenacochrane/Desktop/clean-build-mosaic/mosaic/include/taco/accelerator_interface/mkl_interface.h:221:21: warning: field 'var' will be initialized after field 'i' [-Wreorder-ctor]
                    var(DeclVar("taco_tensor_t *", "CSR_tensor")),
                    ^~~~~~~~~~~~~~~~~~~~~~~~~~~~~~~~~~~~~~~~~~~~~
                    i(IndexVar())
In file included from /Users/malenacochrane/Desktop/clean-build-mosaic/mosaic/bench/bench_ttv_taco.cpp:9:
/Users/malenacochrane/Desktop/clean-build-mosaic/mosaic/include/taco/accelerator_interface/mkl_interface.h:221:21: warning: field 'var' will be initialized after field 'i' [-Wreorder-ctor]
                    var(DeclVar("taco_tensor_t *", "CSR_tensor")),
                    ^~~~~~~~~~~~~~~~~~~~~~~~~~~~~~~~~~~~~~~~~~~~~
                    i(IndexVar())
In file included from /Users/malenacochrane/Desktop/clean-build-mosaic/mosaic/bench/bench_ttv_tblis.cpp:9:
/Users/malenacochrane/Desktop/clean-build-mosaic/mosaic/include/taco/accelerator_interface/mkl_interface.h:221:21: warning: field 'var' will be initialized after field 'i' [-Wreorder-ctor]
                    var(DeclVar("taco_tensor_t *", "CSR_tensor")),
                    ^~~~~~~~~~~~~~~~~~~~~~~~~~~~~~~~~~~~~~~~~~~~~
                    i(IndexVar())
1 warning generated.
1 warning generated.
1 warning generated.
1 warning generated.
1 warning generated.
[100%] Linking CXX executable ../bin/taco-bench
ld: warning: ignoring duplicate libraries: '../lib/libbenchmark.a'
[100%] Built target taco-bench
